[backblue.gif]
[fade.gif]
[index.html]
[external.html]
[index-2.html]
[contact.html]
[user/login.html]
[blog.html]
[projects.html]
[join-us.html]
[events.html]
[about.html]
[content/women-it-and-free-and-open-source-community.html]
[content/face-face-meetings.html]
[content/code-sprints-and-hacking-sessions.html]
[content/free-software-and-open-community-spirit.html]
[blogs/fossasia-2014-norton-university-phnom-penh-cambodia-february-28-–-march-2.html]
[hong-phuc.html]
[blog/4.html]
[blogs/digital-sewing-patterns-workshop-susan-spencer.html]
[blogs/libre-graphics-meeting-2013-including-asian-users-and-developers.html]
[blogs/crypto-stick-accepted-google-summer-code-mentor-organization.html]
[blogs/meilix-system-lock-released.html]
[blog/feedhtml.html]
[node2679.html]
[node4658.html]
[node9ba9.html]
[nodefdb0.html]
[nodeaf4d.html]
[blog/4/feedhtml.html]
[user.html]
[user/password.html]
[blogs/opera-software-banks-android’s-rise-speedy-growth.html]
[user/1.html]
[blogs/admin.html]
[blog2679.html]
[blog4658.html]
[blog9ba9.html]
[blogfdb0.html]
[blogaf4d.html]
[gsoc-ideas.html]
[schedule_11.html]
[blogs/fossasia-2010-bridge-asia.html]
[vi/giới-thiệu.html]
[foss.html]
[blog/42679.html]
[blog/44658.html]
[blog/49ba9.html]
[blog/4fdb0.html]
[blog/4af4d.html]
[blogs/typo3-conference-phnom-penh.html]
[blogs/pdfinator-v01-convert-images-pdfs.html]
[blogs/tom-lechner-libre-graphics-artist-and-developer-vietnam.html]
[blogs/how-create-fedora-spin-developer-meet-hong-kong.html]
[blogs/fossasia-community-meetup-gnomeasia-2012.html]
[node.html]
[blogs/fossasia-sponsored-developer-gnomeasia-about-x-mario-gaming-project.html]
[blogs/crypto-stick-project-presented-quan-nguyen-gnomeasia.html]
[blogs/admin/feedhtml.html]
[blogs/mekong-delta-map-sprint.html]
[blogs/fossasia-accepted-google-summer-code-organization.html]
[gsoc-ideas .html]
[blogs/fossasia-2011-sum.html]
[blogs/women-free-software-community-discussions-fossasia.html]
[blogs/fossasia-2011-saigon-attracting-students-and-developers.html]
[blogs/fossasia-social-meetup-saigon-downtown.html]
[blogs/fossasia-speaker-registration.html]
[speaker-registration.html]
[blogs/fossasia-google-summer-code-2011.html]
[blogs/fossasia-2011-ho-chi-minh-city-saigon-nov-11-12.html]
[blogs/opendesignasia-weeks-2011.html]
[blogs/fossasia-accepted-google-summer-code-2011-mentoring-organization.html]
[blogs/hackerspace-singapore-vietnamese-tech-scene-meetup.html]
[blogs/join-us-hackerspacesg.html]
[blogs/open-design-weeks-april-saigon.html]
[blogs/fossasia-2010-press-coverage.html]
[venue.html]
[location.html]
[hotels-accommodation.html]
[visa.html]
[2011/coming.html]
[vi/chương-trình.html]
[2010/schedule.html]
[2010/minidebconf.html]
[node/92.html]
[2010/events.html]
[2010/speakers.html]
[2010/events/friday.html]
[2010/events/saturday.html]
[2010/events/sunday.html]
[2010/venue.html]
[2010/coming.html]
[vi/contact.html]
[vi/user/login.html]
[vi.html]
[vi/blog.html]
[vi/đăng-ký-thuyết-trình.html]
[vi/đị-điểm-0.html]
[vi/vị-trí.html]
[vi/node/235.html]
[mario-behling.html]
[visay.html]
[longvu.html]
[trongtuanit.html]
[dietrich.html]
[trumdkny.html]
[nampham.html]
[thanhbinh.html]
[thanhhuy27.html]
[bendang89.html]
[nicolasembleton.html]
[duyen-anh.html]
[manishady.html]
[vien-bao-ngoc.html]
[hai-yenussh.html]
[long-hiep.html]
[svenryen.html]
[chantrabe.html]
[lonhseng.html]
[dcaune.html]
[luanbui.html]
[kimmin.html]
[vuonghienuit.html]
[reasey.html]
[binhvt.html]
[maitruongcuu.html]
[socheat.html]
[huynguyen.html]
[greenlucky.html]
[chanhle.html]
[metrey.html]
[kelvin0951.html]
[dongnguyen.html]
[min90.html]
[yuping7705.html]
[satthuvdh.html]
[vdchuyen.html]
[catakim.html]
[tetsuya-guenn.html]
[provh.html]
[thucungcuatoi.html]
[poorfool9.html]
[qvuong2007.html]
[beheo320.html]
[vi/2010/chương-trình.html]
[vi/minidebconf.html]
[speakers/preetam-rai.html]
[vi/unconference.html]
[vi/đị-điểm.html]
[ppapadeas.html]
[lenhhoxung.html]
[tranduyhung.html]
[kimkha.html]
[tranquangthong.html]
[khanhkg.html]
[coolkid.html]
[kounila.html]
[alfred-xu.html]
[nguyen-van-phuc.html]
[nhon298.html]
[abhishekguptaias.html]
[nhkhai.html]
[caominhvu.html]
[võ-duy-tuấn.html]
[bqyang.html]
[ami.html]
[huyentrannguyen.html]
[nghialt.html]
[channak.html]
[sonchengchon.html]
[huyhai.html]
[lay-phalla.html]
[bonnaka.html]
[dimanche.html]
[sreyleak.html]
[thanhcnn2000.html]
[violeng.html]
[seangheng.html]
[lim-chivy.html]
[jean.html]
[godiane.html]
[dararoath.html]
[thaonguyen4488.html]
[naruto828.html]
[be-chantra.html]
[ding.html]
[zhufangh.html]
[phan-hoàng-nhật.html]
[bé-cún.html]
[luongvietphong.html]
[hdnguyen.html]
[linhla.html]
[nguyen-huynh-tung.html]
[truc-duong.html]
[hkmk3110.html]
[khiemtran.html]
[vi/blog/feedhtml.html]
[lehong.html]
[thuongiu.html]
[huynhchau.html]
[utcung91.html]
[khoaitay.html]
[thuyngo.html]
[kimloan2802.html]
[letrunghieucse09.html]
[thương-nguyễn.html]
[khoid2302.html]
[fannywong.html]
[hathao298.html]
[kim-anh.html]
[silvernam.html]
[van-anh.html]
[trongkhang.html]
[gilardinokid.html]
[ngoclan1515.html]
[kimngannguyen91.html]
[nguyenntt404.html]
[cat-vinh.html]
[vietsechia.html]
[ngoctram.html]
[lan-nguyen.html]
[vananh299.html]
[kakadachheang.html]
[chiaky.html]
[tnhmai.html]
[anh-nguyet.html]
[hoàng-thịnh.html]
[meirong1207.html]
[quynh-nguyen.html]
[hoang-thi-tuyet-hoa.html]
[quynhtran.html]
[ngo-thi-my-tien.html]
[bichhang79.html]
[tritri.html]
[jennynguyen.html]
[đào-huyền.html]
[vo-ngoc-bich-tram.html]
[roseviet.html]
[nguyễn-thị-hải.html]
[kimchi.html]
[nguyen-thi-thanh-xuan.html]
[jasmine23.html]
[dannychan.html]
[kimhoang.html]
[toadprince.html]
[phamnguyenvietanh.html]
[lychanna.html]
[channaly.html]
[lovevireak.html]
[avitrac.html]
[tamlm2003.html]
[taro-matsuzawa.html]
[luan.html]
[karen-huynh.html]
[khali1160.html]
[ducminhkhoi.html]
[attanan.html]
[tranhoanglong1991.html]
[hoang-quang-huy.html]
[bac.html]
[user/132.html]
[user/133.html]
[pabs.html]
[user/135.html]
[arnegoetje.html]
[user/137.html]
[kangarooha.html]
[user/139.html]
[user/140.html]
[user/141.html]
[user/142.html]
[ndiem.html]
[user/144.html]
[user/145.html]
[user/146.html]
[user/147.html]
[user/148.html]
[user/149.html]
[user/150.html]
[user/151.html]
[barendscholtus.html]
[user/153.html]
[gniibe.html]
[user/157.html]
[user/158.html]
[user/159.html]
[user/160.html]
[user/161.html]
[user/163.html]
[user/165.html]
[user/167.html]
[ikukumalu.html]
[user/169.html]
[user/170.html]
[user/171.html]
[user/172.html]
[user/173.html]
[user/174.html]
[user/175.html]
[user/176.html]
[user/177.html]
[user/178.html]
[user/179.html]
[user/181.html]
[user/184.html]
[user/185.html]
[user/186.html]
[user/187.html]
[user/188.html]
[ananov.html]
[leijuping.html]
[cloutletsa.html]
[lhvthanh.html]
[halfleti.html]
[hibekass.html]
[nikannikan98.html]
[hunlylie2.html]
[fedoran.html]
[nigeniek.html]
[wulingling.html]
[xiaoxiaoli1.html]
[akkude61.html]
[bubuhacker.html]
[xzhongwang.html]
[saochheng.html]
[crjb1842.html]
[tranthetoan.html]
[zelic91.html]
[maruko176.html]
[hieutrankim.html]
[quoctrungprc.html]
[krohabill.html]
[sylvia.html]
[ledacminh.html]
[jhopes70.html]
[anothingguy.html]
[violetroz.html]
[sonlv.html]
[trunghaiy.html]
[cindypham.html]
[vi/user.html]
[vi/user/password.html]
[vi/content/women-it-and-free-and-open-source-community.html]
[vi/content/face-face-meetings.html]
[vi/content/code-sprints-and-hacking-sessions.html]
[vi/content/free-software-and-open-community-spirit.html]
[vi/blogs/fossasia-2014-norton-university-phnom-penh-cambodia-february-28-–-march-2.html]
[vi/hong-phuc.html]
[vi/blog/4.html]
[vi/blogs/digital-sewing-patterns-workshop-susan-spencer.html]
[vi/blogs/libre-graphics-meeting-2013-including-asian-users-and-developers.html]
[vi/blogs/crypto-stick-accepted-google-summer-code-mentor-organization.html]
[vi/blogs/meilix-system-lock-released.html]
[vi/node2679.html]
[vi/node4658.html]
[vi/node9ba9.html]
[vi/nodefdb0.html]
[vi/nodeaf4d.html]
[vi/blogs/opera-software-banks-android’s-rise-speedy-growth.html]
[vi/user/1.html]
[vi/blogs/admin.html]
[vi/blog2679.html]
[vi/blog4658.html]
[vi/blog9ba9.html]
[vi/blogfdb0.html]
[vi/blogaf4d.html]
[mariobehling.html]
[blogs/mario-behling.html]
[www.web-essentials.html]
[abc.html]
[blogs/dietrich.html]
[mbm.html]
[www.tli-consulting.html]
[techtickle.html]
[perfextech.html]
[www.ppc.com.html]
[www.mecorp.html]
[vuonghienuit.wordpress.html]
[thecaug.html]
[vdchuyen-2.html]
[kimanhvo.html]
[facebook.com/poorfool9.html]
[events/foss-education.html]
[events/ignite-and-lightning-talks-5-mins-barcamp-style.html]
[vi/blogs/admin/feedhtml.html]
[pierros.papadeas.html]
[blogs/mario-behling/feedhtml.html]
[www.nguyentieuhau.html]
[blogs/dietrich/feedhtml.html]
[www.digitalcv.html]
[www.blueladyblog.html]
[bloghoctap.html]
[vnfoss.blogspot.html]
[www.cdmdcambodia.html]
[godiane-2.html]
[www.dararoath.blogspot.html]
[khanh.com.html]
[kakadachheang.wordpress.com/index.html]
[www.instedd.html]
[www.vttu.eu.html]
[www.sian.html]
[ca631.html]
[gnt.com.html]
[vi/blog/44658.html]
[vi/blog/49ba9.html]
[vi/blog/4fdb0.html]
[vi/blog/4af4d.html]
[vi/blogs/typo3-conference-phnom-penh.html]
[vi/blogs/pdfinator-v01-convert-images-pdfs.html]
[vi/blogs/tom-lechner-libre-graphics-artist-and-developer-vietnam.html]
[vi/blogs/how-create-fedora-spin-developer-meet-hong-kong.html]
[vi/blogs/fossasia-community-meetup-gnomeasia-2012.html]
[vi/node.html]
[vi/blogs/fossasia-sponsored-developer-gnomeasia-about-x-mario-gaming-project.html]
[vi/blogs/crypto-stick-project-presented-quan-nguyen-gnomeasia.html]
[vi/blogs/mekong-delta-map-sprint.html]
[vi/blogs/fossasia-accepted-google-summer-code-organization.html]
[vi/blogs/fossasia-2011-sum.html]
[vi/blogs/women-free-software-community-discussions-fossasia.html]
[vi/blogs/fossasia-2011-saigon-attracting-students-and-developers.html]
[vi/blogs/fossasia-social-meetup-saigon-downtown.html]
[vi/blogs/fossasia-speaker-registration.html]
[vi/blogs/fossasia-google-summer-code-2011.html]
[vi/blogs/fossasia-2011-ho-chi-minh-city-saigon-nov-11-12.html]
[vi/blogs/opendesignasia-weeks-2011.html]
[vi/blogs/fossasia-accepted-google-summer-code-2011-mentoring-organization.html]
[vi/blogs/hackerspace-singapore-vietnamese-tech-scene-meetup.html]
[vi/blogs/join-us-hackerspacesg.html]
[vi/blogs/open-design-weeks-april-saigon.html]
[vi/blogs/fossasia-2010-bridge-asia.html]
[vi/blogs/fossasia-2010-press-coverage.html]
[unconference.html]
[speakers/mary-agnes-james.html]
[vi/blog/4/feedhtml.html]
[speakers/lita-cheng.html]
[vi/foss.html]
[vi/blog/42679.html]
[events/women-it-community.html]
[speakers/lilly-nguyen.html]
[speakers/hong-phuc-dang.html]
[speakers/văn-thị-bích-ty.html]
[speakers/kounila-keo.html]
[events/olpc-project-vietnam.html]
[events/opening.html]
[events/workshop-open-design.html]
[events/debian-squeeze-bug-squashing-party-morning-till-dawn.html]
[events/closing-notes-and-heads-towards-fossasia-2011.html]
[speakers/mario-behling.html]
[speakers/pierros-papadeas.html]
[speakers/jon-phillips.html]
[speakers/dave-crossland.html]
[speakers/ping-hsun-chen.html]
[speakers/thomas-goirand.html]
[speakers/niibe-yutaka.html]
[speakers/jonas-smedegaard.html]
[speakers/arne-goetje.html]
[speakers/yukiharu-yabuki.html]
[speakers/paul-wise.html]
[events/workshop-debian-localization-and-package-building-depth.html]
[events/beat-drum-mozilla-community-faster-browsing-and-html5.html]
[events/fedora-project.html]
[events/mozilla-labs.html]
[events/workshop-mozilla-labs-0.html]
[events/workshop-mozilla-labs.html]
[events/aiki-framework-designers.html]
[events/workshop-cool-things-free-software-design.html]
[events/open-design-open-fonts.html]
[events/libre-fonts.html]
[events/workshop-open-font-design.html]
[events/developing-pad-xpads-and-android-pads.html]
[events/xpad-building-simple-tablet-os-gtkwebkit.html]
[events/workshop-debian-package-howto.html]
[events/debian.html]
[events/free-software-and-open-source-connecting-across-asia-and-world.html]
[events/gnuk-gpg-usb-token.html]
[events/debian-pure-blends.html]
[events/linux-internationalization-and-software-localization-vietnamese.html]
[events/workshop-debian-localization-vietnamese.html]
[events/debian-community-building-japan-kansai-debian-meeting.html]
[events/open-office-local-governments-japan-osaka-prefecture.html]
[events/debian-0.html]
[events/workshop-debian-package-review-and-sponsorship.html]
[sites/default/files/fever_favicon.ico]
[rss.xml]
[sites/all/modules/cck/theme/content-module57ce.css]
[sites/all/modules/ctools/css/ctools57ce.css]
[sites/all/modules/date/date57ce.css]
[sites/all/modules/dhtml_menu/dhtml_menu57ce.css]
[sites/all/modules/filefield/filefield57ce.css]
[sites/all/modules/logintoboggan/logintoboggan57ce.css]
[sites/all/modules/panels/css/panels57ce.css]
[sites/all/modules/video/css/video57ce.css]
[sites/all/modules/views_slideshow/contrib/views_slideshow_singleframe/views_slideshow57ce.css]
[sites/all/modules/views_slideshow/contrib/views_slideshow_thumbnailhover/views_slideshow57ce.css]
[sites/all/modules/views_slideshow_jcarouselthumbs/views_slideshow57ce.css]
[sites/all/modules/cck/modules/fieldgroup/fieldgroup57ce.css]
[sites/all/modules/views/css/views57ce.css]
[sites/all/themes/kanji/style57ce.css]
[sites/all/themes/kanji/local57ce.css]
[sites/all/themes/kanji/sf/css/superfish57ce.css]
[sites/all/themes/kanji/sf/css/theme57ce.css]
[sites/all/themes/kanji/print57ce.css]
[sites/default/files/customcssjs/css/custom57ce.css]
[sites/all/modules/jquery_update/replace/jquery.min57ce.js]
[sites/all/modules/dhtml_menu/dhtml_menu57ce.js]
[sites/all/modules/panels/js/panels57ce.js]
[sites/all/modules/video/js/video57ce.js]
[sites/all/modules/views_slideshow/js/jquery.cycle.all.min57ce.js]
[sites/all/modules/views_slideshow/contrib/views_slideshow_singleframe/views_slideshow57ce.js]
[sites/all/modules/views_slideshow/contrib/views_slideshow_thumbnailhover/views_slideshow57ce.js]
[sites/all/modules/views_slideshow_ddblock/js/views_slideshow_ddblock.admin57ce.js]
[sites/all/modules/views_slideshow_jcarouselthumbs/jcarousel/lib/jquery.jcarousel57ce.js]
[sites/all/modules/views_slideshow_jcarouselthumbs/views_slideshow57ce.js]
[sites/default/files/women_in_IT_FOSSASIA_05131.JPG]
[sites/default/files/img_3558_0db63.jpg]
[sites/default/files/fever_logo.png]
[sites/all/themes/kanji/sf/js/superfish57ce.js]
[sites/default/files/P10308036566.JPG]
[sites/default/files/IMG_20130410_163303_0.jpg]
[sites/default/files/dsc_0209e009.jpg]
[sites/default/files/IMG_20130422_135100_0.jpg]
[blog.html]
[sites/default/files/IMG_20130410_224545_0.jpg]
[sites/default/files/IMG_20130413_162245_0.jpg]
[sites/default/files/IMG_20130410_194931_0.jpg]
[content/women-it-and-free-and-open-source-community.html]
[sites/default/files/meilix-systemlock_4.png]
[sites/default/files/meilix-systemlock_5.png]
[sites/all/themes/kanji/images/rss.png]
[content/face-face-meetings.html]
[widgets.js]
[content/code-sprints-and-hacking-sessions.html]
[sites/default/files/mbm_logo_0.png]
[sites/default/files/project/debian.png]
[content/free-software-and-open-community-spirit.html]
[sites/default/files/project/drupal.png]
[sites/default/files/project/fedora.png]
[sites/default/files/project/blackray.png]
[blogs/libre-graphics-meeting-2013-including-asian-users-and-developers.html]
[sites/default/files/project/lubuntu.png]
[sites/default/files/project/mozilla.png]
[sites/default/files/project/opendesign.png]
[blogs/crypto-stick-accepted-google-summer-code-mentor-organization.html]
[sites/default/files/project/nosql.png]
[sites/default/files/project/statusnet.png]
[sites/default/files/project/olpc.png]
[sites/default/files/project/tiddlywiki.png]
[node2679.html]
[sites/default/files/project/xpud.png]
[sites/default/files/project/ubuntu_vn.png]
[sites/default/files/project/yacy.png]
[sites/default/files/project/exo.png]
[sites/default/files/project/freifunk.png]
[sites/default/files/project/joomla-logo.png]
[sites/default/files/project/libregraphics.png]
[sites/default/files/project/android.png]
[sites/default/files/project/mariadb.png]
[sites/default/files/project/sahana_eden.png]
[sites/default/files/project/tomatocms.png]
[sites/default/files/project/typo3.png]
[sites/default/files/project/Vanlanguni-logo-darkblue.png]
[sites/default/files/canthohotelmekong.png]
[sites/default/files/imagecache/sponsor_logo/TGVT logo.gif]
[blog/feedhtml.html]
[sites/default/files/opera-software.jpg]
[sites/default/files/DSC_0494_0.jpg]
[blogs/opera-software-banks-android’s-rise-speedy-growth.html]
[sites/default/files/IMG_0430_0.jpg]
[sites/default/files/DSC_0396_0.jpg]
[sites/default/files/Debconf-Participants_Yukiharu-YABUKI-and-Arne-Goetje_0.jpg]
[blogs/admin.html]
[sites/default/files/IMG_5747_0.jpg]
[sites/default/files/fossasia_0.jpg]
[sites/default/files/imagecache/showcase_scale/women_in_IT_FOSSASIA_0.jpg]
[schedule_11.html]
[sites/default/files/imagecache/showcase_scale/img_3558_0.jpg]
[sites/default/files/imagecache/showcase_scale/P1030803.jpg]
[sites/default/files/imagecache/showcase_scale/dsc_0209.jpg]
[fossasia.org/sites/all/modules/gravatar/avatar.png]
[vi/giới-thiệu.html]
[blog/4/feedhtml.html]
[sites/default/files/t3con-phnompenh.jpg]
[sites/default/files/T3Con-MarioBehling_HonNguyen_0.jpg]
[foss.html]
[sites/all/modules/wysiwyg/plugins/break/images/spacer.gif]
[sites/default/files/pdfinator_1_0.png]
[sites/default/files/tomlechner-hongphucdang_1.jpg]
[blog/42679.html]
[sites/default/files/tomlechner-vietnam-photo_0.jpg]
[sites/default/files/IMG_20120609_191935_0.jpg]
[sites/default/files/IMG_20120609_231436_0.jpg]
[blogs/pdfinator-v01-convert-images-pdfs.html]
[sites/default/files/2012-gnome-asia-fossasia.jpg]
[sites/default/files/IMG_20120609_192027_0.jpg]
[sites/default/files/gnome-asia-sammy1_0.jpg]
[blogs/tom-lechner-libre-graphics-artist-and-developer-vietnam.html]
[sites/default/files/IMG_20120610_135354_0.jpg]
[sites/default/files/IMG_20120609_180356_0.jpg]
[sites/default/files/IMG_20120609_180406_0.jpg]
[blogs/how-create-fedora-spin-developer-meet-hong-kong.html]
[released/_Bname}/_Bname}-_Bversion}.tar.html]
[sites/default/files/openstreetmap-vietnam-mekong-delta-cantho_0.png]
[sites/default/files/IMAG0075_0.jpg]
[sites/default/files/IMG_20120620_150411_0.jpg]
[blogs/fossasia-community-meetup-gnomeasia-2012.html]
[sites/default/files/Google-Summer-of-Code-2012_0.png]
[sites/default/files/IMAG0008_0.jpg]
[sites/default/files/IMG_0620_0.jpg]
[node.html]
[sites/default/files/DSC_0508_0.jpg]
[sites/default/files/DSC_0502_0.jpg]
[sites/default/files/IMG_0343_0.jpg]
[blogs/crypto-stick-project-presented-quan-nguyen-gnomeasia.html]
[sites/default/files/IMG_0648_0.jpg]
[sites/default/files/DSC_0396_1_0.jpg]
[sites/default/files/IMG_0431_0.jpg]
[blogs/mekong-delta-map-sprint.html]
[sites/default/files/DSC_0370_0.jpg]
[sites/default/files/DSC_0375_0.jpg]
[sites/default/files/DSC_0381_0.jpg]
[blogs/fossasia-accepted-google-summer-code-organization.html]
[sites/default/files/fossasia-registration_0.jpg]
[sites/default/files/fossasia-desktop-summit-berlin-2011_0.jpg]
[sites/default/files/IMG_5741_0.jpg]
[gsoc-ideas .html]
[sites/default/files/IMG_5688_0.jpg]
[sites/default/files/IMG_5679_0.jpg]
[sites/default/files/IMG_5703_0.jpg]
[blogs/women-free-software-community-discussions-fossasia.html]
[sites/default/files/hackerspace-sg_0.jpg]
[sites/default/files/hackerspace-sg1_0.jpg]
[sites/default/files/hackerspace-sg-2_0.jpg]
[blogs/fossasia-2011-saigon-attracting-students-and-developers.html]
[sites/default/files/HackerspaceSG-Logo2011_0.png]
[sites/default/files/open-design_0.png]
[sites/default/files/fossasia-2010-group-foto-contributors.jpg]
[blogs/fossasia-social-meetup-saigon-downtown.html]
[sites/default/files/women-panel-fossasia-2010-Hong-Phuc-Dang-middle-and-Lilly-Nguyen-right.jpg]
[sites/default/files/cambodia-vietnamese-malaysian-participants-fossasia-2010.jpg]
[sites/default/files/Debconf-Participants_Yukiharu-YABUKI-and-Arne-Goetje.jpg]
[blogs/fossasia-speaker-registration.html]
[sites/default/files/fedora-release-party.jpg]
[sites/default/files/audience-at-fossasia-2010.jpg]
[blogs/fossasia-google-summer-code-2011.html]
[sites/default/files/Libre-Graphics-Jon-Phillips-Participants-fossasia2010.jpg]
[sites/default/files/pierros-papadeas-with-fossasia-participants.jpg]
[blogs/opendesignasia-weeks-2011.html]
[blogs/admin/feedhtml.html]
[sites/default/files/thi-anh-van.jpg]
[blogs/fossasia-accepted-google-summer-code-2011-mentoring-organization.html]
[sites/default/files/vanlang1.jpg]
[sites/default/files/cayme.jpg]
[blogs/join-us-hackerspacesg.html]
[sites/default/files/kg09.jpg]
[wikipedia/commons/thumb/1/1e/Mother_Child_Motorbike_Vietnam.jpg/180px-Mother_Child_Motorbike_Vietnam.jpg]
[wikipedia/commons/e/e7/Saigonnightskyline.jpg]
[blogs/open-design-weeks-april-saigon.html]
[wikipedia/commons/thumb/3/30/HCM-City_Verkehr.JPG/280px-HCM-City_Verkehr.jpg]
[wikipedia/commons/thumb/1/11/A_Saigon_bus.JPG/200px-A_Saigon_bus.jpg]
[wikipedia/commons/thumb/c/c4/Buu_dien_1.jpg/120px-Buu_dien_1.jpg]
[blogs/fossasia-2010-press-coverage.html]
[wikipedia/commons/thumb/5/58/Buu_dien_2.jpg/120px-Buu_dien_2.jpg]
[wikipedia/commons/thumb/e/ee/Carte_postale.jpg/120px-Carte_postale.jpg]
[wikipedia/commons/thumb/0/07/Cho_Ben_Thanh_1.jpg/120px-Cho_Ben_Thanh_1.jpg]
[venue.html]
[sites/default/files/languages/vi_f64b6861891bb3a6ee00685d4c0f64ce57ce.js]
[wikipedia/commons/thumb/d/d6/Cong_truong_con_rua.jpg/120px-Cong_truong_con_rua.jpg]
[wikipedia/commons/thumb/d/d0/Chua_Vinh_Nghiem.jpg/120px-Chua_Vinh_Nghiem.jpg]
[wikipedia/commons/thumb/0/0a/Dinh_Doc_Lap.jpg/120px-Dinh_Doc_Lap.jpg]
[vi/đị-điểm-0.html]
[wikipedia/commons/thumb/b/ba/Le_Loi_-_Nguyen_hue.jpg/120px-Le_Loi_-_Nguyen_hue.jpg]
[wikipedia/commons/thumb/4/4e/Nha_tho_Duc_Ba_1.jpg/90px-Nha_tho_Duc_Ba_1.jpg]
[wikipedia/commons/thumb/e/e5/Saigon_1.jpg/120px-Saigon_1.jpg]
[wikipedia/commons/thumb/6/6c/Nha_tho_Duc_Ba_2.jpg/120px-Nha_tho_Duc_Ba_2.jpg]
[wikipedia/commons/thumb/9/94/Saigon_2.jpg/120px-Saigon_2.jpg]
[wikipedia/commons/thumb/4/4f/Saigon_3.jpg/120px-Saigon_3.jpg]
[wikipedia/commons/thumb/d/d7/Saigon_5.jpg/120px-Saigon_5.jpg]
[wikipedia/commons/thumb/0/04/Saigon_4.jpg/120px-Saigon_4.jpg]
[wikipedia/commons/thumb/c/c4/Saigon_6.jpg/120px-Saigon_6.jpg]
[wikipedia/commons/thumb/b/b5/Saigon_7.jpg/120px-Saigon_7.jpg]
[wikipedia/commons/thumb/4/44/Saigon_8.jpg/120px-Saigon_8.jpg]
[wikipedia/commons/thumb/b/b4/Saigon_9.jpg/120px-Saigon_9.jpg]
[wikipedia/commons/thumb/a/a0/Saigon_10.jpg/120px-Saigon_10.jpg]
[wikipedia/commons/thumb/c/c9/Saigon_11.jpg/120px-Saigon_11.jpg]
[wikipedia/commons/thumb/1/13/Saigon_12.jpg/120px-Saigon_12.jpg]
[wikipedia/commons/thumb/7/77/Saigon_13.jpg/120px-Saigon_13.jpg]
[f/d/090812/cvcx.jpg]
[wikipedia/commons/thumb/a/a1/Saigon_14.jpg/120px-Saigon_14.jpg]
[wikipedia/commons/thumb/1/1f/Saigon_15.jpg/120px-Saigon_15.jpg]
[wikipedia/commons/thumb/9/99/Saigon_16.jpg/120px-Saigon_16.jpg]
[avatar/35183e723108a5c2a2aa6b921b3373d37803.jpg]
[avatar/eb3c8cc7632b8da2fd0fe910e4aa717b7803.jpg]
[sites/default/files/pictures/picture-37.png]
[sites/default/files/avatar/picture-155.jpg]
[vi/vị-trí.html]
[avatar/99623c78481617f776f11c1a2687b95b7803.jpg]
[sites/default/files/pictures/picture-382.jpg]
[sites/default/files/pictures/picture-398.jpg]
[vi/node/235.html]
[sites/default/files/pictures/picture-399.jpg]
[avatar/fb068a1fe5668674f9d3bfa29c9f8ccc7803.png]
[avatar/0df5b86070e4c66b416591a6053902727803.png]
[visay.html]
[sites/default/files/pictures/picture-408.jpg]
[avatar/c0e99696aab91dce9c7a12ff91ea7a5f7803.jpg]
[sites/default/files/pictures/picture-412.jpg]
[longvu.html]
[avatar/9db802e6e76111d2c686abff0c900f0a7803.jpg]
[avatar/a7d48efc19ee524c1ac486e7f32923ca7803.jpg]
[trumdkny.html]
[sites/default/files/pictures/picture-419.jpg]
[sites/default/files/pictures/picture-431.gif]
[sites/default/files/pictures/picture-432.png]
[thanhbinh.html]
[avatar/bf273ca16f55891b01108671dd738f437803.jpg]
[sites/default/files/minidebconf-vietnam.jpg]
[sites/default/files/pictures/picture-438.png]
[sites/default/files/Raffles-College-HCMC_1.jpg]
[vien-bao-ngoc.html]
[vi/rss.xml]
[chantrabe.html]
[vi/blog/feedhtml.html]
[lonhseng.html]
[sites/default/files/Preetam_Rai.jpg]
[dcaune.html]
[sites/default/files/imagecache/speaker_avatar/Preetam_Rai.jpg]
[luanbui.html]
[wikipedia/commons/thumb/e/e3/Nuvola_apps_kweather.svg/20px-Nuvola_apps_kweather.svg.png]
[avatar/e6f322028b8edd6d7c0a659e5b1253a77803.jpg]
[avatar/421ad351f862b6f491816a5a3805ecd07803.png]
[vuonghienuit.html]
[avatar/e1214a95d7d252ec351870306b587f747803.jpg]
[sites/default/files/avatar/picture-9.png]
[binhvt.html]
[avatar/39971b2d245a40f94eff9e1a818c81727803.jpg]
[avatar/5a322098e024d25b2db9d43072c944df7803.jpg]
[sites/default/files/avatar/picture-25.jpg]
[huynguyen.html]
[sites/default/files/avatar/picture-30.jpg]
[sites/default/files/avatar/picture-32.jpg]
[sites/default/files/avatar/picture-31.jpg]
[chanhle.html]
[avatar/f00da5800a1b3e657b79f13ac08d88dd7803.png]
[avatar/87c3585b6069569985208fe061e0ab5a7803.jpg]
[avatar/ee782d56d5ac3ae3dc9ed78165e79c247803.jpg]
[metrey.html]
[avatar/7134824dd9e943014954e7d3ac0520407803.jpg]
[avatar/b8c62d98a432a6d710151de534b939d27803.jpg]
[avatar/22285f8d7528cf18b8ab44af5c74bec57803.jpg]
[kelvin0951.html]
[sites/default/files/avatar/picture-131.jpg]
[sites/default/files/avatar/picture-134.png]
[vdchuyen.html]
[avatar/9987516c273a7874b12b742e7aef828f7803.jpg]
[avatar/c279392ae566f06883c36ea0f659da027803.jpg]
[tetsuya-guenn.html]
[avatar/95dd19ef3793a57ae9178b8209f51d1a7803.jpg]
[avatar/d0f4e64d16a7e8cb44c2ed34e0df70c07803.jpg]
[thucungcuatoi.html]
[blogs/mario-behling/feedhtml.html]
[vi/blogs/admin/feedhtml.html]
[sites/default/files/imagecache/speaker_avatar/Mary Agnes James.jpg]
[blogs/dietrich/feedhtml.html]
[sites/default/files/imagecache/speaker_avatar/Lita CHENG.jpg]
[poorfool9.html]
[sites/default/files/Lita CHENG.jpg]
[sites/default/files/Mary Agnes James.jpg]
[vi/2010/chương-trình.html]
[avatar/aa42ccd7123c8667c96f6184bf2266657803.jpg]
[sites/default/files/imagecache/speaker_avatar/Hong Phuc Dang_0.JPG]
[sites/default/files/imagecache/speaker_avatar/Lilly Nguyen.jpg]
[vi/minidebconf.html]
[sites/all/modules/views/js/base57ce.js]
[sites/all/modules/views/js/ajax_view57ce.js]
[sites/default/files/imagecache/speaker_avatar/BichTy_Chan dung.jpg]
[sites/default/files/imagecache/speaker_avatar/imagefield_default_images/default-avatar_0.jpg]
[sites/default/files/Lilly Nguyen.jpg]
[vi/đị-điểm.html]
[sites/default/files/BichTy_Chan dung.jpg]
[sites/default/files/Hong Phuc Dang_0.jpg]
[vi/content/women-it-and-free-and-open-source-community.html]
[sites/default/files/imagefield_default_images/default-avatar_0.jpg]
[sites/default/files/imagecache/speaker_avatar/Mario Behling_0.JPG]
[sites/default/files/imagecache/speaker_avatar/Pierrospapadeas_0.jpg]
[vi/blogs/opera-software-banks-android’s-rise-speedy-growth.html]
[sharex.html]
[sites/default/files/imagecache/speaker_avatar/Jon Phillips.jpg]
[sites/all/modules/noderelationships/css/noderelationships.backref_views57ce.css]
[sites/default/files/imagecache/speaker_avatar/Ping-Hsun Chen.JPG]
[sites/default/files/imagecache/speaker_avatar/Dave Crossland.jpg]
[sites/default/files/imagecache/speaker_avatar/Thomas_Goirand.jpg]
[events/foss-education.html]
[sites/default/files/imagecache/speaker_avatar/gniibe.png]
[sites/default/files/imagecache/speaker_avatar/JonasSmedegaard.jpg]
[sites/default/files/imagecache/speaker_avatar/Arne Goetje.jpg]
[pierros.papadeas.html]
[sites/default/files/imagecache/speaker_avatar/Yukiharu YABUKI.jpg]
[www.nguyentieuhau.html]
[kakalia.co.html]
[sites/default/files/imagecache/speaker_avatar/Paul Wise.jpg]
[sites/default/files/Mario Behling_0.jpg]
[sites/default/files/Pierrospapadeas_0.jpg]
[www.digitalcv.html]
[sites/default/files/Jon Phillips.jpg]
[sites/default/files/Dave Crossland.jpg]
[sites/default/files/Ping-Hsun Chen.jpg]
[www.blueladyblog.html]
[bloghoctap.html]
[sites/default/files/Thomas_Goirand.jpg]
[sites/default/files/gniibe.png]
[sites/default/files/JonasSmedegaard.jpg]
[vnfoss.blogspot.html]
[www.cdmdcambodia.html]
[sites/default/files/Arne Goetje.jpg]
[sites/default/files/Yukiharu YABUKI.jpg]
[sites/default/files/Paul Wise.jpg]
[godiane-2.html]
[khanh.com.html]
[sites/all/themes/kanji/images/bg.jpg]
[sites/all/themes/kanji/images/block-bg.png]
[sites/all/themes/kanji/images/right-block-bg.png]
[kakadachheang.wordpress.com/index.html]
[www.vttu.eu.html]
[sites/all/themes/kanji/images/fader.png]
[sites/all/themes/kanji/images/block-bg-black.png]
[sites/all/themes/kanji/images/right-block-bg-black.png]
[gnt.com.html]
[vi/foss.html]
[sites/all/themes/kanji/images/twitter-list.png]
[sites/all/themes/kanji/sf/images/arrows-ffffff.png]
[sites/all/themes/fever/images/sidebar_header_right.png]
[unconference.html]
[speakers/mary-agnes-james.html]
[speakers/lita-cheng.html]
[events/women-it-community.html]
[speakers/lilly-nguyen.html]
[speakers/hong-phuc-dang.html]
[speakers/văn-thị-bích-ty.html]
[speakers/kounila-keo.html]
[events/olpc-project-vietnam.html]
[events/opening.html]
[speakers/mario-behling.html]
[speakers/pierros-papadeas.html]
[speakers/jon-phillips.html]
[speakers/dave-crossland.html]
[speakers/ping-hsun-chen.html]
[speakers/thomas-goirand.html]
[speakers/niibe-yutaka.html]
[speakers/jonas-smedegaard.html]
[speakers/arne-goetje.html]
[speakers/yukiharu-yabuki.html]
[speakers/paul-wise.html]
[events/workshop-debian-localization-and-package-building-depth.html]
[events/beat-drum-mozilla-community-faster-browsing-and-html5.html]
[events/aiki-framework-designers.html]
[events/open-design-open-fonts.html]
[events/developing-pad-xpads-and-android-pads.html]
[events/workshop-debian-package-howto.html]
[events/free-software-and-open-source-connecting-across-asia-and-world.html]
[events/debian-pure-blends.html]
[events/linux-internationalization-and-software-localization-vietnamese.html]
[events/debian-community-building-japan-kansai-debian-meeting.html]
[events/debian-0.html]
